// Jest Snapshot v1, https://goo.gl/fbAQLP

exports[`<Two /> Snapshot renders snapshot with no props 1`] = `ReactWrapper {}`;
