// Jest Snapshot v1, https://goo.gl/fbAQLP

exports[`<Home /> Snapshot renders snapshot with no props 1`] = `
ReactWrapper {
  "length": 1,
}
`;
