// Jest Snapshot v1, https://goo.gl/fbAQLP

exports[`<Navigation /> Snapshot renders empty list 1`] = `ReactWrapper {}`;

exports[`<Navigation /> Snapshot renders links 1`] = `ReactWrapper {}`;
