// Jest Snapshot v1, https://goo.gl/fbAQLP

exports[`<AppLayout /> Snapshot renders snapshot with no props 1`] = `ReactWrapper {}`;
